17:49:07 **** Incremental Build of configuration Debug for project Moisture_Sensor_Single ****
make -j16 all 
arm-none-eabi-gcc "../Core/Src/main.c" -mcpu=cortex-m4 -std=gnu11 -g3 -DDEBUG -DUSE_HAL_DRIVER -DSTM32F401xE -c -I../Core/Inc -I../Drivers/STM32F4xx_HAL_Driver/Inc -I../Drivers/STM32F4xx_HAL_Driver/Inc/Legacy -I../Drivers/CMSIS/Device/ST/STM32F4xx/Include -I../Drivers/CMSIS/Include -O0 -ffunction-sections -fdata-sections -Wall -fstack-usage -fcyclomatic-complexity -MMD -MP -MF"Core/Src/main.d" -MT"Core/Src/main.o" --specs=nano.specs -mfpu=fpv4-sp-d16 -mfloat-abi=hard -mthumb -o "Core/Src/main.o"
arm-none-eabi-g++ -o "Moisture_Sensor_Single.elf" @"objects.list"   -mcpu=cortex-m4 -T"C:\Users\doruk\source\repos\ProfDorukTan\Plant_Monitor\Moisture_Sensor_Single\STM32F401RETX_FLASH.ld" --specs=nosys.specs -Wl,-Map="Moisture_Sensor_Single.map" -Wl,--gc-sections -static --specs=nano.specs -mfpu=fpv4-sp-d16 -mfloat-abi=hard -mthumb -u _printf_float -Wl,--start-group -lc -lm -lstdc++ -lsupc++ -Wl,--end-group
Finished building target: Moisture_Sensor_Single.elf
 
arm-none-eabi-size  Moisture_Sensor_Single.elf 
arm-none-eabi-objdump -h -S Moisture_Sensor_Single.elf  > "Moisture_Sensor_Single.list"
   text	   data	    bss	    dec	    hex	filename
  27752	    468	   2092	  30312	   7668	Moisture_Sensor_Single.elf
Finished building: default.size.stdout
 
Finished building: Moisture_Sensor_Single.list
 
17:49:11 **** Incremental Build of configuration Debug for project Moisture_Sensor_Single ****
make -j16 all 
arm-none-eabi-size  Moisture_Sensor_Single.elf 
   text	   data	    bss	    dec	    hex	filename
  27752	    468	   2092	  30312	   7668	Moisture_Sensor_Single.elf
Finished building: default.size.stdout
 
